// Jest Snapshot v1, https://goo.gl/fbAQLP

exports[`Team matches snapshot 1`] = `
<section>
  <h1 class="mdc-typography--headline5">Foo</h1>
  <dl>
    <dt class="mdc-typography--subtitle2">
      Division:
    </dt>
    <dd class="mdc-typography--body2">
      Bar
    </dd>
    <dt class="mdc-typography--subtitle2">
      Record (W-L-T):
    </dt>
    <dd class="mdc-typography--body2">
      11-10-1
    </dd>
    <dt class="mdc-typography--subtitle2">
      Win-Lose %:
    </dt>
    <dd class="mdc-typography--body2">
      toPercentage(0.1111)
    </dd>
    <dt class="mdc-typography--subtitle2">
      Playoff Appearances:
    </dt>
    <dd class="mdc-typography--body2">
      3
    </dd>
    <dt class="mdc-typography--subtitle2">
      Conference Wins:
    </dt>
    <dd class="mdc-typography--body2">
      2
    </dd>
    <dt class="mdc-typography--subtitle2">
      Superbowl Wins:
    </dt>
    <dd class="mdc-typography--body2">
      1
    </dd>
  </dl>
  <div class="elevation-1">
    <div class="table__overflow">
      <table class="datatable table">
        <thead>
          <tr>
            <th role="columnheader" scope="col" aria-label="Season: Sorted ascending. Activate to sort descending." aria-sort="ascending" tabindex="0" class="column sortable active asc text-xs-left">Season
              <i aria-hidden="true" class="icon material-icons" style="font-size: 16px;">arrow_upward</i>
            </th>
            <th role="columnheader" scope="col" aria-label="Wins: Not sorted. Activate to sort ascending." aria-sort="none" tabindex="0" class="column sortable text-xs-left">Wins
              <i aria-hidden="true" class="icon material-icons" style="font-size: 16px;">arrow_upward</i>
            </th>
            <th role="columnheader" scope="col" aria-label="Loses: Not sorted. Activate to sort ascending." aria-sort="none" tabindex="0" class="column sortable text-xs-left">Loses
              <i aria-hidden="true" class="icon material-icons" style="font-size: 16px;">arrow_upward</i>
            </th>
            <th role="columnheader" scope="col" aria-label="Ties: Not sorted. Activate to sort ascending." aria-sort="none" tabindex="0" class="column sortable text-xs-left">Ties
              <i aria-hidden="true" class="icon material-icons" style="font-size: 16px;">arrow_upward</i>
            </th>
            <th role="columnheader" scope="col" aria-label="WL%: Not sorted. Activate to sort ascending." aria-sort="none" tabindex="0" class="column sortable text-xs-left">WL%
              <i aria-hidden="true" class="icon material-icons" style="font-size: 16px;">arrow_upward</i>
            </th>
            <th role="columnheader" scope="col" aria-label="Standing: Not sorted. Activate to sort ascending." aria-sort="none" tabindex="0" class="column sortable text-xs-left">Standing
              <i aria-hidden="true" class="icon material-icons" style="font-size: 16px;">arrow_upward</i>
            </th>
          </tr>
          <tr class="datatable__progress">
            <th colspan="6" class="column"></th>
          </tr>
        </thead>
        <tbody>
          <tr>
            <td>
              2015
            </td>
            <td>2</td>
            <td>1</td>
            <td>1</td>
            <td>toPercentage(0.3333)</td>
            <td>Regular</td>
          </tr>
          <tr>
            <td>
              2016
            </td>
            <td>3</td>
            <td>0</td>
            <td>0</td>
            <td>toPercentage(1)</td>
            <td>Runner Up</td>
          </tr>
        </tbody>
      </table>
    </div>
  </div>
</section>
`;
