// Jest Snapshot v1, https://goo.gl/fbAQLP

exports[`Team matches snapshot 1`] = `
<section>
  <h1 class="mdc-typography--headline5">Foo</h1>
  <dl>
    <dt class="mdc-typography--subtitle2">
      Division:
    </dt>
    <dd class="mdc-typography--body2">
      Bar
    </dd>
    <dt class="mdc-typography--subtitle2">
      Record (W-L-T):
    </dt>
    <dd class="mdc-typography--body2">
      11-10-1
    </dd>
    <dt class="mdc-typography--subtitle2">
      Win-Lose %:
    </dt>
    <dd class="mdc-typography--body2">
      toPercentage(0.1111)
    </dd>
    <dt class="mdc-typography--subtitle2">
      Playoff Appearances:
    </dt>
    <dd class="mdc-typography--body2">
      3
    </dd>
    <dt class="mdc-typography--subtitle2">
      Conference Wins:
    </dt>
    <dd class="mdc-typography--body2">
      2
    </dd>
    <dt class="mdc-typography--subtitle2">
      Superbowl Wins:
    </dt>
    <dd class="mdc-typography--body2">
      1
    </dd>
  </dl>
  <div>
    <nav class="mdc-tab-bar"><span class="mdc-tab mdc-tab--active">
            Table
        </span><span class="mdc-tab">
            Chart
        </span></nav>
    <div>
      <div>Team Table</div>
    </div>
    <!---->
  </div>
</section>
`;
