// Jest Snapshot v1, https://goo.gl/fbAQLP

exports[`Teams matches snapshot 1`] = `
<section>
  <h1 class="mdc-typography--headline5">Teams</h1>
  <div class="elevation-1">
    <div class="table__overflow">
      <table class="datatable table">
        <thead>
          <tr>
            <th role="columnheader" scope="col" aria-label="Team: Sorted ascending. Activate to sort descending." aria-sort="ascending" tabindex="0" class="column sortable active asc text-xs-left">Team
              <i aria-hidden="true" class="icon material-icons" style="font-size: 16px;">arrow_upward</i>
            </th>
            <th role="columnheader" scope="col" aria-label="Wins: Not sorted. Activate to sort ascending." aria-sort="none" tabindex="0" class="column sortable text-xs-left">Wins
              <i aria-hidden="true" class="icon material-icons" style="font-size: 16px;">arrow_upward</i>
            </th>
            <th role="columnheader" scope="col" aria-label="Loses: Not sorted. Activate to sort ascending." aria-sort="none" tabindex="0" class="column sortable text-xs-left">Loses
              <i aria-hidden="true" class="icon material-icons" style="font-size: 16px;">arrow_upward</i>
            </th>
            <th role="columnheader" scope="col" aria-label="Ties: Not sorted. Activate to sort ascending." aria-sort="none" tabindex="0" class="column sortable text-xs-left">Ties
              <i aria-hidden="true" class="icon material-icons" style="font-size: 16px;">arrow_upward</i>
            </th>
            <th role="columnheader" scope="col" aria-label="WL%: Not sorted. Activate to sort ascending." aria-sort="none" tabindex="0" class="column sortable text-xs-left">WL%
              <i aria-hidden="true" class="icon material-icons" style="font-size: 16px;">arrow_upward</i>
            </th>
            <th role="columnheader" scope="col" aria-label="Playoffs: Not sorted. Activate to sort ascending." aria-sort="none" tabindex="0" class="column sortable text-xs-left">Playoffs
              <i aria-hidden="true" class="icon material-icons" style="font-size: 16px;">arrow_upward</i>
            </th>
            <th role="columnheader" scope="col" aria-label="Conference: Not sorted. Activate to sort ascending." aria-sort="none" tabindex="0" class="column sortable text-xs-left">Conference
              <i aria-hidden="true" class="icon material-icons" style="font-size: 16px;">arrow_upward</i>
            </th>
            <th role="columnheader" scope="col" aria-label="Superbowl: Not sorted. Activate to sort ascending." aria-sort="none" tabindex="0" class="column sortable text-xs-left">Superbowl
              <i aria-hidden="true" class="icon material-icons" style="font-size: 16px;">arrow_upward</i>
            </th>
          </tr>
          <tr class="datatable__progress">
            <th colspan="8" class="column"></th>
          </tr>
        </thead>
        <tbody>
          <tr>
            <td>
              <a>
                Bar
              </a>
            </td>
            <td>6</td>
            <td>5</td>
            <td>0</td>
            <td>toPercentage(0.5)</td>
            <td>0</td>
            <td>0</td>
            <td>0</td>
          </tr>
          <tr>
            <td>
              <a>
                Foo
              </a>
            </td>
            <td>11</td>
            <td>10</td>
            <td>1</td>
            <td>toPercentage(0.1111)</td>
            <td>5</td>
            <td>3</td>
            <td>2</td>
          </tr>
        </tbody>
      </table>
    </div>
  </div>
</section>
`;
